#-----------------------------------------------------------
# Vivado v2017.2 (64-bit)
# SW Build 1909853 on Thu Jun 15 18:39:09 MDT 2017
# IP Build 1909766 on Thu Jun 15 19:58:00 MDT 2017
# Start of session at: Tue Jun 27 10:03:40 2017
# Process ID: 6892
# Current directory: C:/Users/ianma/Documents/Simula/Pratica - 5/Decodificador_Portas
# Command line: vivado.exe -gui_launcher_event rodinguilauncherevent5320 C:\Users\ianma\Documents\Simula\Pratica - 5\Decodificador_Portas\Decodificador_Portas.xpr
# Log file: C:/Users/ianma/Documents/Simula/Pratica - 5/Decodificador_Portas/vivado.log
# Journal file: C:/Users/ianma/Documents/Simula/Pratica - 5/Decodificador_Portas\vivado.jou
#-----------------------------------------------------------
start_gui
open_project {C:/Users/ianma/Documents/Simula/Pratica - 5/Decodificador_Portas/Decodificador_Portas.xpr}
update_compile_order -fileset sources_1
launch_simulation
source tb_decodificador.tcl
close_sim
launch_simulation
source tb_decodificador.tcl
close_sim
