#-----------------------------------------------------------
# Vivado v2017.2 (64-bit)
# SW Build 1909853 on Thu Jun 15 18:39:09 MDT 2017
# IP Build 1909766 on Thu Jun 15 19:58:00 MDT 2017
# Start of session at: Sun Jun 25 18:17:52 2017
# Process ID: 6752
# Current directory: C:/Users/ianma/Documents/Simula/Pratica - 4/Half_Adder
# Command line: vivado.exe -gui_launcher_event rodinguilauncherevent6304 C:\Users\ianma\Documents\Simula\Pratica - 4\Half_Adder\Half_Adder.xpr
# Log file: C:/Users/ianma/Documents/Simula/Pratica - 4/Half_Adder/vivado.log
# Journal file: C:/Users/ianma/Documents/Simula/Pratica - 4/Half_Adder\vivado.jou
#-----------------------------------------------------------
start_gui
open_project {C:/Users/ianma/Documents/Simula/Pratica - 4/Half_Adder/Half_Adder.xpr}
update_compile_order -fileset sources_1
synth_design -rtl -name rtl_1
close_project
create_project {Somador de 4bits com hierarquia} {C:/Users/ianma/Documents/Simula/Pratica - 4/Somador de 4bits com hierarquia} -part xc7z010clg400-1
set_property board_part digilentinc.com:zybo:part0:1.0 [current_project]
file mkdir C:/Users/ianma/Documents/Simula/Pratica - 4/Somador de 4bits com hierarquia/Somador de 4bits com hierarquia.srcs/sources_1/new
file mkdir C:/Users/ianma/Documents/Simula/Pratica - 4/Somador de 4bits com hierarquia/Somador de 4bits com hierarquia.srcs/sources_1/new
file mkdir C:/Users/ianma/Documents/Simula/Pratica - 4/Somador de 4bits com hierarquia/Somador de 4bits com hierarquia.srcs/sources_1/new
set_property target_language VHDL [current_project]
file mkdir C:/Users/ianma/Documents/Simula/Pratica - 4/Somador de 4bits com hierarquia/Somador de 4bits com hierarquia.srcs/sources_1/new
file mkdir C:/Users/ianma/Documents/Simula/Pratica - 4/Somador de 4bits com hierarquia/Somador de 4bits com hierarquia.srcs/sources_1/new
file mkdir C:/Users/ianma/Documents/Simula/Pratica - 4/Somador de 4bits com hierarquia/Somador de 4bits com hierarquia.srcs/sources_1/new
file mkdir C:/Users/ianma/Documents/Simula/Pratica - 4/Somador de 4bits com hierarquia/Somador de 4bits com hierarquia.srcs/sources_1/new
file mkdir {C:/Users/ianma/Documents/Simula/Pratica - 4/Somador de 4bits com hierarquia/Somador de 4bits com hierarquia.srcs/sources_1/new}
close [ open {C:/Users/ianma/Documents/Simula/Pratica - 4/Somador de 4bits com hierarquia/Somador de 4bits com hierarquia.srcs/sources_1/new/Somador_4bits.vhd} w ]
add_files {{C:/Users/ianma/Documents/Simula/Pratica - 4/Somador de 4bits com hierarquia/Somador de 4bits com hierarquia.srcs/sources_1/new/Somador_4bits.vhd}}
close [ open {C:/Users/ianma/Documents/Simula/Pratica - 4/Somador de 4bits com hierarquia/Somador de 4bits com hierarquia.srcs/sources_1/new/Half_Adder.vhd} w ]
add_files {{C:/Users/ianma/Documents/Simula/Pratica - 4/Somador de 4bits com hierarquia/Somador de 4bits com hierarquia.srcs/sources_1/new/Half_Adder.vhd}}
close [ open {C:/Users/ianma/Documents/Simula/Pratica - 4/Somador de 4bits com hierarquia/Somador de 4bits com hierarquia.srcs/sources_1/new/Full_Adder.vhd} w ]
add_files {{C:/Users/ianma/Documents/Simula/Pratica - 4/Somador de 4bits com hierarquia/Somador de 4bits com hierarquia.srcs/sources_1/new/Full_Adder.vhd}}
update_compile_order -fileset sources_1
update_compile_order -fileset sources_1
update_compile_order -fileset sources_1
synth_design -rtl -name rtl_1
file mkdir C:/Users/ianma/Documents/Simula/Pratica - 4/Somador de 4bits com hierarquia/Somador de 4bits com hierarquia.srcs/sim_1/new
file mkdir C:/Users/ianma/Documents/Simula/Pratica - 4/Somador de 4bits com hierarquia/Somador de 4bits com hierarquia.srcs/sim_1/new
file mkdir C:/Users/ianma/Documents/Simula/Pratica - 4/Somador de 4bits com hierarquia/Somador de 4bits com hierarquia.srcs/sim_1/new
file mkdir C:/Users/ianma/Documents/Simula/Pratica - 4/Somador de 4bits com hierarquia/Somador de 4bits com hierarquia.srcs/sim_1/new
file mkdir C:/Users/ianma/Documents/Simula/Pratica - 4/Somador de 4bits com hierarquia/Somador de 4bits com hierarquia.srcs/sim_1/new
set_property SOURCE_SET sources_1 [get_filesets sim_1]
file mkdir C:/Users/ianma/Documents/Simula/Pratica - 4/Somador de 4bits com hierarquia/Somador de 4bits com hierarquia.srcs/sim_1/new
file mkdir {C:/Users/ianma/Documents/Simula/Pratica - 4/Somador de 4bits com hierarquia/Somador de 4bits com hierarquia.srcs/sim_1/new}
close [ open {C:/Users/ianma/Documents/Simula/Pratica - 4/Somador de 4bits com hierarquia/Somador de 4bits com hierarquia.srcs/sim_1/new/tb_Somador4bitsH.vhd} w ]
add_files -fileset sim_1 {{C:/Users/ianma/Documents/Simula/Pratica - 4/Somador de 4bits com hierarquia/Somador de 4bits com hierarquia.srcs/sim_1/new/tb_Somador4bitsH.vhd}}
update_compile_order -fileset sim_1
update_compile_order -fileset sim_1
launch_simulation
launch_simulation
source tb_Somador4bitsH.tcl
set_property -name {xsim.simulate.runtime} -value {2560ns} -objects [get_filesets sim_1]
close_sim
launch_simulation
source tb_Somador4bitsH.tcl
set_property -name {xsim.simulate.runtime} -value {2550ns} -objects [get_filesets sim_1]
close_sim
launch_simulation
source tb_Somador4bitsH.tcl
