#-----------------------------------------------------------
# Vivado v2017.2 (64-bit)
# SW Build 1909853 on Thu Jun 15 18:39:09 MDT 2017
# IP Build 1909766 on Thu Jun 15 19:58:00 MDT 2017
# Start of session at: Mon Jun 26 23:14:53 2017
# Process ID: 8776
# Current directory: C:/Users/ianma/Documents/Simula/Pratica - 5/Multi-codificador
# Command line: vivado.exe -gui_launcher_event rodinguilauncherevent8872 C:\Users\ianma\Documents\Simula\Pratica - 5\Multi-codificador\Multi-codificador.xpr
# Log file: C:/Users/ianma/Documents/Simula/Pratica - 5/Multi-codificador/vivado.log
# Journal file: C:/Users/ianma/Documents/Simula/Pratica - 5/Multi-codificador\vivado.jou
#-----------------------------------------------------------
start_gui
open_project {C:/Users/ianma/Documents/Simula/Pratica - 5/Multi-codificador/Multi-codificador.xpr}
update_compile_order -fileset sources_1
launch_simulation
source tb_codificador.tcl
synth_design -rtl -name rtl_1
close_sim
launch_simulation
source tb_codificador.tcl
add_bp {C:/Users/ianma/Documents/Simula/Pratica - 5/Multi-codificador/Multi-codificador.srcs/sources_1/new/BCD5211_Exp.vhd} 14
remove_bps -file {C:/Users/ianma/Documents/Simula/Pratica - 5/Multi-codificador/Multi-codificador.srcs/sources_1/new/BCD5211_Exp.vhd} -line 14
close_sim
open_project {C:/Users/ianma/Documents/Simula/Pratica - 5/Decodificador/Decodificador.xpr}
update_compile_order -fileset sources_1
current_project Multi-codificador
refresh_design
launch_simulation
source tb_codificador.tcl
set_property -name {xsim.simulate.runtime} -value {640ns} -objects [get_filesets sim_1]
close_sim
launch_simulation
source tb_codificador.tcl
close_sim
close_project
close_project
create_project Decodificador_Portas {C:/Users/ianma/Documents/Simula/Pratica - 5/Decodificador_Portas} -part xc7z010clg400-1
set_property board_part digilentinc.com:zybo:part0:1.0 [current_project]
file mkdir C:/Users/ianma/Documents/Simula/Pratica - 5/Decodificador_Portas/Decodificador_Portas.srcs/sources_1/new
set_property target_language VHDL [current_project]
file mkdir C:/Users/ianma/Documents/Simula/Pratica - 5/Decodificador_Portas/Decodificador_Portas.srcs/sources_1/new
file mkdir C:/Users/ianma/Documents/Simula/Pratica - 5/Decodificador_Portas/Decodificador_Portas.srcs/sources_1/new
file mkdir {C:/Users/ianma/Documents/Simula/Pratica - 5/Decodificador_Portas/Decodificador_Portas.srcs/sources_1/new}
close [ open {C:/Users/ianma/Documents/Simula/Pratica - 5/Decodificador_Portas/Decodificador_Portas.srcs/sources_1/new/Decodificador.vhd} w ]
add_files {{C:/Users/ianma/Documents/Simula/Pratica - 5/Decodificador_Portas/Decodificador_Portas.srcs/sources_1/new/Decodificador.vhd}}
update_compile_order -fileset sources_1
file mkdir C:/Users/ianma/Documents/Simula/Pratica - 5/Decodificador_Portas/Decodificador_Portas.srcs/sim_1/new
file mkdir C:/Users/ianma/Documents/Simula/Pratica - 5/Decodificador_Portas/Decodificador_Portas.srcs/sim_1/new
file mkdir C:/Users/ianma/Documents/Simula/Pratica - 5/Decodificador_Portas/Decodificador_Portas.srcs/sim_1/new
file mkdir C:/Users/ianma/Documents/Simula/Pratica - 5/Decodificador_Portas/Decodificador_Portas.srcs/sim_1/new
file mkdir C:/Users/ianma/Documents/Simula/Pratica - 5/Decodificador_Portas/Decodificador_Portas.srcs/sim_1/new
set_property SOURCE_SET sources_1 [get_filesets sim_1]
file mkdir C:/Users/ianma/Documents/Simula/Pratica - 5/Decodificador_Portas/Decodificador_Portas.srcs/sim_1/new
file mkdir {C:/Users/ianma/Documents/Simula/Pratica - 5/Decodificador_Portas/Decodificador_Portas.srcs/sim_1/new}
close [ open {C:/Users/ianma/Documents/Simula/Pratica - 5/Decodificador_Portas/Decodificador_Portas.srcs/sim_1/new/tb_decodificador.vhd} w ]
add_files -fileset sim_1 {{C:/Users/ianma/Documents/Simula/Pratica - 5/Decodificador_Portas/Decodificador_Portas.srcs/sim_1/new/tb_decodificador.vhd}}
update_compile_order -fileset sim_1
launch_simulation
source Decodificador.tcl
update_compile_order -fileset sim_1
launch_simulation
source tb_decodificador.tcl
set_property -name {xsim.simulate.runtime} -value {160ns} -objects [get_filesets sim_1]
close_sim
launch_simulation
source tb_decodificador.tcl
set_property -name {xsim.simulate.runtime} -value {320ns} -objects [get_filesets sim_1]
close_sim
launch_simulation
source tb_decodificador.tcl
close_sim
launch_simulation
source tb_decodificador.tcl
close_sim
launch_simulation
source tb_decodificador.tcl
close_sim
launch_simulation
source tb_decodificador.tcl
close_sim
close_sim
